{"completed_queries": 100, "positive_rows": 25956, "strong_pairs": 25956}
{"completed_queries": 200, "positive_rows": 68971, "strong_pairs": 68971}
{"completed_queries": 231, "positive_rows": 80206, "strong_pairs": 80206}
{
  "input_sha256": {
    "anchor_map": "ea802ec4f6006b5b3b56f96fad440dc8a8e57ee3454a61ecd35b18d2017df389",
    "query_cache": "53f2a3396810eda5ecdebb51afd5f560d84a2b8aade927787e2d490db9d78d47",
    "scene_calibration": "5dc1aeb1d4769e19568a9ac34a237f2d513566968688c3f2b353cc9219b2daad",
    "track_payload": "1c358882053bf97edbe94946ca4d1d0c9e8dffaddd3c527626fa8be95095ed14"
  },
  "inputs": {
    "anchor_map": "/mnt/pool/sqy/lafgs_render_track_only_support_v13_20260814/shopfacade/frozen_membership_max1_c746/frozen_membership_anchor_map.pt",
    "query_cache": "/mnt/pool/sqy/lafgs_render_track_only_appearance_v11_20260814/shopfacade/appearance_ensemble_cache.pt",
    "scene_calibration": "/mnt/pool/sqy/lafgs_render_track_only_support_v13_20260814/shopfacade/topology_entity_aware/scene_calibration.json",
    "track_payload": "/mnt/pool/sqy/lafgs_render_track_only_support_v13_20260814/shopfacade/support_repair/support_repaired_track_payload.pt"
  },
  "mapping_grouping": "contiguous_mapping_blocks",
  "mapping_sequence_names": [
    "blocked_00",
    "blocked_01",
    "blocked_02"
  ],
  "mapping_sequence_query_counts": {
    "blocked_00": 77,
    "blocked_01": 77,
    "blocked_02": 77
  },
  "output_sha256": {
    "graph": "3b5691436d1d9c476378817718350d2d4013308977437e4f608e1f97dafa89d9",
    "map": "1ca087619cad55db48865e8d88853f78592d4630075350091c0c8d8146884e63",
    "teacher": "b1ac68342f861e16099de13f879f0253c8c5ed42af9aae013e850977110a3b05",
    "track_payload": "9a5308884d4bc149f38e473959d5906f8b1a9634370804ace7bebcb8769d98af"
  },
  "outputs": {
    "graph": "/mnt/pool/sqy/lafgs_render_track_only_support_v13_20260814/shopfacade/training_max1/rendered_track_training_graph.pt",
    "map": "/mnt/pool/sqy/lafgs_render_track_only_support_v13_20260814/shopfacade/training_max1/rendered_track_training_map.pt",
    "teacher": "/mnt/pool/sqy/lafgs_render_track_only_support_v13_20260814/shopfacade/training_max1/rendered_track_positive_teacher.pt",
    "track_payload": "/mnt/pool/sqy/lafgs_render_track_only_support_v13_20260814/shopfacade/training_max1/rendered_track_training_payload.pt"
  },
  "schema": "lafgs_rendered_track_train_only_materialization",
  "teacher_diagnostics": {
    "ambiguous_pair_count": 67348,
    "depth_visibility_rejected_anchor_count": 273864,
    "exact_depth_disagreement_audit_count": 13860,
    "exact_track_positive_count": 95852,
    "masked_query_row_count": 40,
    "positive_rows": 80206,
    "query_count": 231,
    "strong_certified_exact_positive_count": 80206,
    "strong_pair_count": 80206,
    "support_compatible_pair_count": 9997,
    "weak_exact_ambiguous_count": 15646
  },
  "uses_source_mapping_rgb": false,
  "uses_test_queries": false,
  "version": 1
}
