{"completed_queries": 100, "positive_rows": 13660, "strong_pairs": 13660}
{"completed_queries": 200, "positive_rows": 31080, "strong_pairs": 31080}
{"completed_queries": 300, "positive_rows": 49460, "strong_pairs": 49460}
{"completed_queries": 400, "positive_rows": 58904, "strong_pairs": 58904}
{"completed_queries": 500, "positive_rows": 63552, "strong_pairs": 63552}
{"completed_queries": 600, "positive_rows": 110585, "strong_pairs": 110585}
{"completed_queries": 700, "positive_rows": 126436, "strong_pairs": 126436}
{"completed_queries": 800, "positive_rows": 135511, "strong_pairs": 135511}
{"completed_queries": 900, "positive_rows": 148108, "strong_pairs": 148108}
{"completed_queries": 1000, "positive_rows": 162449, "strong_pairs": 162449}
{"completed_queries": 1100, "positive_rows": 173700, "strong_pairs": 173700}
{"completed_queries": 1200, "positive_rows": 187695, "strong_pairs": 187695}
{"completed_queries": 1300, "positive_rows": 189662, "strong_pairs": 189662}
{"completed_queries": 1400, "positive_rows": 189840, "strong_pairs": 189840}
{"completed_queries": 1500, "positive_rows": 189926, "strong_pairs": 189926}
{"completed_queries": 1600, "positive_rows": 197776, "strong_pairs": 197776}
{"completed_queries": 1700, "positive_rows": 208866, "strong_pairs": 208866}
{"completed_queries": 1800, "positive_rows": 219785, "strong_pairs": 219785}
{"completed_queries": 1900, "positive_rows": 224559, "strong_pairs": 224559}
{"completed_queries": 2000, "positive_rows": 235200, "strong_pairs": 235200}
{
  "formal_method_uses_crossfit": false,
  "input_sha256": {
    "anchor_map": "646b6b05db65ba87f83b3531b85cec271c5488a68b550c38823380486ae5cca4",
    "query_cache": "521feae387d56f2d11c6a563dd51c029b8535ea959e400ff5cdee6f4ff3ce4b1",
    "scene_calibration": "88bc12d06fb6a4ba0555d009c0caed514729601a85b51d56f76da025fab50a30",
    "track_payload": "a5d16927d3bdbebb6cfb9192c03ec433c598b4a2069e957d39e4d5ff2e8943ba"
  },
  "inputs": {
    "anchor_map": "/mnt/pool/sqy/lafgs_render_track_only_conditional_gwff_20260815/stairs/completion_oracle_full_broad/fusion_v1/conditional_fusion_anchor_map.pt",
    "query_cache": "/mnt/pool/sqy/lafgs_render_track_only_conditional_gwff_20260815/stairs/completion_oracle_full_broad/fusion_v1/conditional_fusion_cache.pt",
    "scene_calibration": "/mnt/pool/sqy/lafgs_render_track_only_conditional_gwff_20260815/stairs/completion_oracle_full_broad/fusion_v1/scene_calibration_rebound.json",
    "track_payload": "/mnt/pool/sqy/lafgs_render_track_only_support_v13_20260814/stairs/support_repair/support_repaired_track_payload.pt"
  },
  "mapping_grouping": "mapping_trajectory",
  "mapping_sequence_names": [
    "seq-02",
    "seq-03",
    "seq-05",
    "seq-06"
  ],
  "mapping_sequence_query_counts": {
    "seq-02": 500,
    "seq-03": 500,
    "seq-05": 500,
    "seq-06": 500
  },
  "output_sha256": {
    "graph": "547785f64c9991cf06633b68800cb90ad73c7f13abb887f7307844b52b3d0f2d",
    "map": "f1bda98f96d8596173f61254cac7015cdaad13e427c067393510ef8057aa6485",
    "teacher": "7cbd845c37f0916269bafac56fee33e30caabf5546f05766f7df42f3446f5d59",
    "track_payload": "b501bce83084c0e53d58a4c85ff563b903fe9761e9ae83d3a31f76bd50b1dc40"
  },
  "outputs": {
    "graph": "/mnt/pool/sqy/lafgs_render_track_only_conditional_gwff_20260815/stairs/completion_oracle_full_broad/fusion_v1/training_v2/rendered_track_training_graph.pt",
    "map": "/mnt/pool/sqy/lafgs_render_track_only_conditional_gwff_20260815/stairs/completion_oracle_full_broad/fusion_v1/training_v2/rendered_track_training_map.pt",
    "teacher": "/mnt/pool/sqy/lafgs_render_track_only_conditional_gwff_20260815/stairs/completion_oracle_full_broad/fusion_v1/training_v2/rendered_track_positive_teacher.pt",
    "track_payload": "/mnt/pool/sqy/lafgs_render_track_only_conditional_gwff_20260815/stairs/completion_oracle_full_broad/fusion_v1/training_v2/rendered_track_training_payload.pt"
  },
  "schema": "lafgs_rendered_track_train_only_materialization",
  "teacher_diagnostics": {
    "ambiguous_pair_count": 1124038,
    "depth_visibility_rejected_anchor_count": 7577817,
    "exact_depth_disagreement_audit_count": 422028,
    "exact_track_positive_count": 729393,
    "masked_query_row_count": 0,
    "positive_rows": 235200,
    "query_count": 2000,
    "strong_certified_exact_positive_count": 235200,
    "strong_pair_count": 235200,
    "support_compatible_pair_count": 71676,
    "weak_exact_ambiguous_count": 494193
  },
  "uses_source_mapping_rgb": false,
  "uses_test_queries": false,
  "version": 1
}
